  Entity.cpp
E:\Documenti\PoliTO\Magistrale\Informatica Grafica\PlateUp-POV\OpenGLApp  - demos\OpenGLApp\OpenGLApp\Entity.cpp(42,26): warning C4267: '=': conversione da 'size_t' a 'int'. Possibile perdita di dati.
  Main.cpp
E:\Documenti\PoliTO\Magistrale\Informatica Grafica\PlateUp-POV\OpenGLApp  - demos\OpenGLApp\OpenGLApp\Main.cpp(406,23): warning C4244: 'inizializzazione': conversione da 'double' a 'float'. Possibile perdita di dati.
E:\Documenti\PoliTO\Magistrale\Informatica Grafica\PlateUp-POV\OpenGLApp  - demos\OpenGLApp\OpenGLApp\Main.cpp(413,17): warning C4244: 'inizializzazione': conversione da 'double' a 'float'. Possibile perdita di dati.
E:\Documenti\PoliTO\Magistrale\Informatica Grafica\PlateUp-POV\OpenGLApp  - demos\OpenGLApp\OpenGLApp\Main.cpp(450,16): warning C4244: 'inizializzazione': conversione da 'double' a 'float'. Possibile perdita di dati.
E:\Documenti\PoliTO\Magistrale\Informatica Grafica\PlateUp-POV\OpenGLApp  - demos\OpenGLApp\OpenGLApp\Main.cpp(454,18): warning C4244: 'inizializzazione': conversione da 'unsigned int' a 'float'. Possibile perdita di dati.
E:\Documenti\PoliTO\Magistrale\Informatica Grafica\PlateUp-POV\OpenGLApp  - demos\OpenGLApp\OpenGLApp\Main.cpp(494,89): warning C4244: 'argomento': conversione da 'unsigned int' a 'float'. Possibile perdita di dati.
E:\Documenti\PoliTO\Magistrale\Informatica Grafica\PlateUp-POV\OpenGLApp  - demos\OpenGLApp\OpenGLApp\Main.cpp(494,72): warning C4244: 'argomento': conversione da 'unsigned int' a 'float'. Possibile perdita di dati.
E:\Documenti\PoliTO\Magistrale\Informatica Grafica\PlateUp-POV\OpenGLApp  - demos\OpenGLApp\OpenGLApp\Main.cpp(495,93): warning C4244: 'argomento': conversione da 'unsigned int' a 'float'. Possibile perdita di dati.
E:\Documenti\PoliTO\Magistrale\Informatica Grafica\PlateUp-POV\OpenGLApp  - demos\OpenGLApp\OpenGLApp\Main.cpp(495,76): warning C4244: 'argomento': conversione da 'unsigned int' a 'float'. Possibile perdita di dati.
E:\Documenti\PoliTO\Magistrale\Informatica Grafica\PlateUp-POV\OpenGLApp  - demos\OpenGLApp\OpenGLApp\Main.cpp(496,93): warning C4244: 'argomento': conversione da 'unsigned int' a 'float'. Possibile perdita di dati.
E:\Documenti\PoliTO\Magistrale\Informatica Grafica\PlateUp-POV\OpenGLApp  - demos\OpenGLApp\OpenGLApp\Main.cpp(496,76): warning C4244: 'argomento': conversione da 'unsigned int' a 'float'. Possibile perdita di dati.
E:\Documenti\PoliTO\Magistrale\Informatica Grafica\PlateUp-POV\OpenGLApp  - demos\OpenGLApp\OpenGLApp\Main.cpp(497,94): warning C4244: 'argomento': conversione da 'unsigned int' a 'float'. Possibile perdita di dati.
E:\Documenti\PoliTO\Magistrale\Informatica Grafica\PlateUp-POV\OpenGLApp  - demos\OpenGLApp\OpenGLApp\Main.cpp(497,77): warning C4244: 'argomento': conversione da 'unsigned int' a 'float'. Possibile perdita di dati.
E:\Documenti\PoliTO\Magistrale\Informatica Grafica\PlateUp-POV\OpenGLApp  - demos\OpenGLApp\OpenGLApp\Main.cpp(498,95): warning C4244: 'argomento': conversione da 'unsigned int' a 'float'. Possibile perdita di dati.
E:\Documenti\PoliTO\Magistrale\Informatica Grafica\PlateUp-POV\OpenGLApp  - demos\OpenGLApp\OpenGLApp\Main.cpp(498,78): warning C4244: 'argomento': conversione da 'unsigned int' a 'float'. Possibile perdita di dati.
E:\Documenti\PoliTO\Magistrale\Informatica Grafica\PlateUp-POV\OpenGLApp  - demos\OpenGLApp\OpenGLApp\Main.cpp(511,79): warning C4244: 'argomento': conversione da 'unsigned int' a 'float'. Possibile perdita di dati.
E:\Documenti\PoliTO\Magistrale\Informatica Grafica\PlateUp-POV\OpenGLApp  - demos\OpenGLApp\OpenGLApp\Main.cpp(511,62): warning C4244: 'argomento': conversione da 'unsigned int' a 'float'. Possibile perdita di dati.
  RenderScene.cpp
E:\Documenti\PoliTO\Magistrale\Informatica Grafica\PlateUp-POV\OpenGLApp  - demos\OpenGLApp\OpenGLApp\RenderScene.cpp(97,49): warning C4267: 'argomento': conversione da 'size_t' a 'int'. Possibile perdita di dati.
  globals.cpp
E:\Documenti\PoliTO\Magistrale\Informatica Grafica\PlateUp-POV\OpenGLApp  - demos\OpenGLApp\OpenGLApp\globals.cpp(32,21): warning C4305: 'argomento': troncamento da 'int' a 'bool'
  Generazione del codice in corso...
  OpenGLApp.vcxproj -> E:\Documenti\PoliTO\Magistrale\Informatica Grafica\PlateUp-POV\OpenGLApp  - demos\OpenGLApp\x64\Debug\OpenGLApp.exe
