e:\documenti\polito\magistrale\informatica grafica\plateup-pov\openglapp  - demos\openglapp\openglapp\x64\debug\vc143.pdb
e:\documenti\polito\magistrale\informatica grafica\plateup-pov\openglapp  - demos\openglapp\openglapp\x64\debug\vc143.idb
c:\users\asus\onedrive - politecnico di torino\desktop\plateup-pov\openglapp  - demos\openglapp\openglapp\x64\debug\vc143.pdb
c:\users\asus\onedrive - politecnico di torino\desktop\plateup-pov\openglapp  - demos\openglapp\openglapp\x64\debug\vc143.idb
c:\users\asus\onedrive - politecnico di torino\desktop\plateup-pov\openglapp  - demos\openglapp\openglapp\x64\debug\stb_image.obj
c:\users\asus\onedrive - politecnico di torino\desktop\plateup-pov\openglapp  - demos\openglapp\openglapp\x64\debug\object_selection.obj
c:\users\asus\onedrive - politecnico di torino\desktop\plateup-pov\openglapp  - demos\openglapp\openglapp\x64\debug\game_control.obj
c:\users\asus\onedrive - politecnico di torino\desktop\plateup-pov\openglapp  - demos\openglapp\openglapp\x64\debug\auxiliary.obj
c:\users\asus\onedrive - politecnico di torino\desktop\plateup-pov\openglapp  - demos\openglapp\openglapp\x64\debug\main.obj
c:\users\asus\onedrive - politecnico di torino\desktop\plateup-pov\openglapp  - demos\openglapp\openglapp\x64\debug\glad.obj
c:\users\asus\onedrive - politecnico di torino\desktop\plateup-pov\openglapp  - demos\openglapp\x64\debug\openglapp.exe
c:\users\asus\onedrive - politecnico di torino\desktop\plateup-pov\openglapp  - demos\openglapp\x64\debug\openglapp.pdb
c:\users\asus\onedrive - politecnico di torino\desktop\plateup-pov\openglapp  - demos\openglapp\openglapp\x64\debug\openglapp.ilk
c:\users\asus\onedrive - politecnico di torino\desktop\plateup-pov\openglapp  - demos\openglapp\openglapp\x64\debug\auxiliary_functions.obj
c:\users\asus\onedrive - politecnico di torino\desktop\plateup-pov\openglapp  - demos\openglapp\openglapp\x64\debug\game_management.obj
c:\users\asus\onedrive - politecnico di torino\desktop\plateup-pov\openglapp  - demos\openglapp\openglapp\x64\debug\main - base.obj
c:\users\asus\onedrive - politecnico di torino\desktop\plateup-pov\openglapp  - demos\openglapp\openglapp\x64\debug\main - copia.obj
c:\users\asus\onedrive - politecnico di torino\desktop\plateup-pov\openglapp  - demos\openglapp\openglapp\x64\debug\settings.obj
c:\users\asus\onedrive - politecnico di torino\desktop\plateup-pov\openglapp  - demos\openglapp\openglapp\x64\debug\openglapp.tlog\cl.command.1.tlog
c:\users\asus\onedrive - politecnico di torino\desktop\plateup-pov\openglapp  - demos\openglapp\openglapp\x64\debug\openglapp.tlog\cl.items.tlog
c:\users\asus\onedrive - politecnico di torino\desktop\plateup-pov\openglapp  - demos\openglapp\openglapp\x64\debug\openglapp.tlog\cl.read.1.tlog
c:\users\asus\onedrive - politecnico di torino\desktop\plateup-pov\openglapp  - demos\openglapp\openglapp\x64\debug\openglapp.tlog\cl.write.1.tlog
c:\users\asus\onedrive - politecnico di torino\desktop\plateup-pov\openglapp  - demos\openglapp\openglapp\x64\debug\openglapp.tlog\link.command.1.tlog
c:\users\asus\onedrive - politecnico di torino\desktop\plateup-pov\openglapp  - demos\openglapp\openglapp\x64\debug\openglapp.tlog\link.read.1.tlog
c:\users\asus\onedrive - politecnico di torino\desktop\plateup-pov\openglapp  - demos\openglapp\openglapp\x64\debug\openglapp.tlog\link.secondary.1.tlog
c:\users\asus\onedrive - politecnico di torino\desktop\plateup-pov\openglapp  - demos\openglapp\openglapp\x64\debug\openglapp.tlog\link.write.1.tlog
